{
  "uid": 0,
  "pid": 1,
  "kernel": "6.10.14-linuxkit",
  "cases": [
    {
      "case": "unreaped-single-thread-zombie",
      "pid": 6,
      "state": "Z (zombie)",
      "threads": "1",
      "ppid": "1",
      "fd": [],
      "cwd": {
        "exception": "FileNotFoundError",
        "errno": 2
      },
      "proposed": "RETURNED"
    },
    {
      "case": "zombie-leader-with-live-writing-thread",
      "pid": 7,
      "state": "Z (zombie)",
      "threads": "2",
      "ppid": "1",
      "fd": [],
      "cwd": {
        "exception": "FileNotFoundError",
        "errno": 2
      },
      "proposed": {
        "exception": "WritersUnobservable",
        "message": "unknown process thread access; retain tree until writer cessation can be established"
      },
      "heartbeat_bytes_before": 1,
      "heartbeat_bytes_after": 7,
      "thread_statuses": {
        "7": "Z (zombie)",
        "8": "S (sleeping)"
      }
    },
    {
      "case": "live-cwd-holder",
      "pid": 9,
      "state": "R (running)",
      "threads": "1",
      "ppid": "1",
      "fd": [
        "/proc/9/fd/0",
        "/proc/9/fd/1",
        "/proc/9/fd/2",
        "/proc/9/fd/3"
      ],
      "cwd": "/tmp/zombie-fixture-iep_fqom",
      "proposed": {
        "exception": "WriterActive",
        "message": "active process 9 uses task files; stop/yield it before resume"
      }
    },
    {
      "case": "live-nondumpable-fd-holder",
      "pid": 10,
      "state": "S (sleeping)",
      "threads": "1",
      "ppid": "1",
      "fd": [
        "/proc/10/fd/0",
        "/proc/10/fd/1",
        "/proc/10/fd/2",
        "/proc/10/fd/3"
      ],
      "cwd": {
        "exception": "PermissionError",
        "errno": 13
      },
      "proposed": {
        "exception": "WritersUnobservable",
        "message": "unknown process access; retain tree until writer cessation can be established"
      }
    }
  ],
  "pinned_proc_after_reap": {
    "exception": "ProcessLookupError",
    "errno": 3
  },
  "all_reaped": "RETURNED"
}
