test_a_check_only_task_accepts_its_unchanged_candidate (__main__.LoopFixture.test_a_check_only_task_accepts_its_unchanged_candidate) ... ok
test_a_check_only_task_delivers_after_its_squash_merged_prerequisites (__main__.LoopFixture.test_a_check_only_task_delivers_after_its_squash_merged_prerequisites) ... ok
test_a_check_only_task_fails_on_its_assembled_product_or_a_source_change (__main__.LoopFixture.test_a_check_only_task_fails_on_its_assembled_product_or_a_source_change) ... ok
test_a_detached_submission_fails_settles_and_the_drain_continues (__main__.LoopFixture.test_a_detached_submission_fails_settles_and_the_drain_continues) ... ok
test_a_failed_carrier_hands_the_plan_to_the_next_task (__main__.LoopFixture.test_a_failed_carrier_hands_the_plan_to_the_next_task) ... ok
test_a_failed_substantive_task_blocks_only_the_check_only_task (__main__.LoopFixture.test_a_failed_substantive_task_blocks_only_the_check_only_task) ... ok
test_a_local_loop_and_auto_loops_bring_in_without_conflict (__main__.LoopFixture.test_a_local_loop_and_auto_loops_bring_in_without_conflict) ... ok
test_a_local_loop_keeps_the_start_its_first_allocation_fixed (__main__.LoopFixture.test_a_local_loop_keeps_the_start_its_first_allocation_fixed) ... ok
test_a_local_loop_runs_one_task_at_a_time (__main__.LoopFixture.test_a_local_loop_runs_one_task_at_a_time) ... ok
test_a_local_loop_starts_from_the_branch_it_was_added_on (__main__.LoopFixture.test_a_local_loop_starts_from_the_branch_it_was_added_on) ... ok
test_a_local_only_drain_leaves_a_published_auto_loop_waiting (__main__.LoopFixture.test_a_local_only_drain_leaves_a_published_auto_loop_waiting) ... ok
test_a_local_only_drain_runs_an_unpublished_auto_loop_locally (__main__.LoopFixture.test_a_local_only_drain_runs_an_unpublished_auto_loop_locally) ... ok
test_a_local_task_whose_start_lacks_the_checkouts_instructions_waits_while_other_loops_run (__main__.LoopFixture.test_a_local_task_whose_start_lacks_the_checkouts_instructions_waits_while_other_loops_run) ... ok
test_a_loop_id_another_clone_brought_in_makes_the_first_task_wait (__main__.LoopFixture.test_a_loop_id_another_clone_brought_in_makes_the_first_task_wait) ... ok
test_a_package_without_decisions_reports_none_recorded (__main__.LoopFixture.test_a_package_without_decisions_reports_none_recorded) ... ok
test_a_per_task_mode_survives_later_drains (__main__.LoopFixture.test_a_per_task_mode_survives_later_drains) ... ok
test_a_plan_that_never_lands_leaves_the_tracked_queue_unchanged (__main__.LoopFixture.test_a_plan_that_never_lands_leaves_the_tracked_queue_unchanged) ... ok
test_a_refused_delivery_waits_while_independent_loops_run (__main__.LoopFixture.test_a_refused_delivery_waits_while_independent_loops_run) ... ok
test_a_settled_loop_keeps_its_decisions_after_its_workspaces_are_cleaned (__main__.LoopFixture.test_a_settled_loop_keeps_its_decisions_after_its_workspaces_are_cleaned) ... ok
test_a_task_waits_while_its_base_holds_another_version_of_its_package (__main__.LoopFixture.test_a_task_waits_while_its_base_holds_another_version_of_its_package) ... ok
test_a_used_loop_id_is_refused_before_and_after_the_drain (__main__.LoopFixture.test_a_used_loop_id_is_refused_before_and_after_the_drain) ... ok
test_add_leaves_the_branch_index_and_worktree_as_they_were (__main__.LoopFixture.test_add_leaves_the_branch_index_and_worktree_as_they_were) ... ok
test_add_refuses_a_head_without_the_checkouts_instructions (__main__.LoopFixture.test_add_refuses_a_head_without_the_checkouts_instructions) ... ok
test_an_auto_loop_resumed_local_only_is_reported (__main__.LoopFixture.test_an_auto_loop_resumed_local_only_is_reported) ... ok
test_an_auto_loop_resumes_from_another_worktree (__main__.LoopFixture.test_an_auto_loop_resumes_from_another_worktree) ... ok
test_an_auto_task_is_refused_until_the_instructions_are_pushed (__main__.LoopFixture.test_an_auto_task_is_refused_until_the_instructions_are_pushed) ... ok
test_an_executor_that_exits_without_a_submission_leaves_its_task_waiting (__main__.LoopFixture.test_an_executor_that_exits_without_a_submission_leaves_its_task_waiting) ... ok
test_an_interrupted_add_is_recovered_at_each_capture_step (__main__.LoopFixture.test_an_interrupted_add_is_recovered_at_each_capture_step) ... ok
test_an_unfinished_allocation_waits_naming_its_recovery (__main__.LoopFixture.test_an_unfinished_allocation_waits_naming_its_recovery) ... ok
test_an_unreadable_package_reports_its_decisions_unavailable (__main__.LoopFixture.test_an_unreadable_package_reports_its_decisions_unavailable) ... ok
test_auto_delivery_fast_forwards_the_anchor_and_a_materialized_row_stays_replaced (__main__.LoopFixture.test_auto_delivery_fast_forwards_the_anchor_and_a_materialized_row_stays_replaced) ... ok
test_captured_contracts_stay_immutable (__main__.LoopFixture.test_captured_contracts_stay_immutable) ... ok
test_carriers_of_two_loops_are_in_flight_at_once (__main__.LoopFixture.test_carriers_of_two_loops_are_in_flight_at_once) ... ok
test_delivery_pending_keeps_acceptance_resources_and_resume (__main__.LoopFixture.test_delivery_pending_keeps_acceptance_resources_and_resume) ... ok
test_devlyn_ignore_is_checked_before_allocation (__main__.LoopFixture.test_devlyn_ignore_is_checked_before_allocation) ... ok
test_every_queue_file_the_loop_writes_passes_newline_hooks (__main__.LoopFixture.test_every_queue_file_the_loop_writes_passes_newline_hooks) ... ok
test_failures_never_reach_accepted (__main__.LoopFixture.test_failures_never_reach_accepted) ... ok
test_frontier_is_the_latest_accepted_source (__main__.LoopFixture.test_frontier_is_the_latest_accepted_source) ... ok
test_independent_pending_prs_merge_one_after_the_other (__main__.LoopFixture.test_independent_pending_prs_merge_one_after_the_other) ... ok
test_instructions_git_reports_unchanged_are_the_checkouts (__main__.LoopFixture.test_instructions_git_reports_unchanged_are_the_checkouts) ... ok
test_interrupted_attachment_is_completed_on_resume (__main__.LoopFixture.test_interrupted_attachment_is_completed_on_resume) ... ok
test_interrupted_custody_resumes_failed_checks (__main__.LoopFixture.test_interrupted_custody_resumes_failed_checks) ... ok
test_interrupted_custody_resumes_rerun_checks (__main__.LoopFixture.test_interrupted_custody_resumes_rerun_checks) ... ok
test_interrupted_execution_waits_for_the_live_executor_and_adopts_its_submission (__main__.LoopFixture.test_interrupted_execution_waits_for_the_live_executor_and_adopts_its_submission) ... ok
test_interruption_after_acceptance_writes_only_the_missing_transition (__main__.LoopFixture.test_interruption_after_acceptance_writes_only_the_missing_transition) ... ok
test_interruption_after_terminal_commit_attaches_and_delivers_only (__main__.LoopFixture.test_interruption_after_terminal_commit_attaches_and_delivers_only) ... ok
test_legacy_partial_unbound_custody_resumes (__main__.LoopFixture.test_legacy_partial_unbound_custody_resumes) ... ok
test_local_loop_fast_forwards_the_anchor_branch (__main__.LoopFixture.test_local_loop_fast_forwards_the_anchor_branch) ... ok
test_merge_refused_reports_why_a_person_must_merge (__main__.LoopFixture.test_merge_refused_reports_why_a_person_must_merge) ... ok
test_no_task_pr_carries_an_unpushed_anchor_commit (__main__.LoopFixture.test_no_task_pr_carries_an_unpushed_anchor_commit) ... ok
test_nondefault_bases_wait_before_allocation_but_local_delivery_runs (__main__.LoopFixture.test_nondefault_bases_wait_before_allocation_but_local_delivery_runs) ... ok
test_one_drains_reports_apply_auto_first (__main__.LoopFixture.test_one_drains_reports_apply_auto_first) ... ok
test_one_drains_reports_apply_local_first (__main__.LoopFixture.test_one_drains_reports_apply_local_first) ... ok
test_prerequisite_merge_is_checked_before_allocation_and_execution (__main__.LoopFixture.test_prerequisite_merge_is_checked_before_allocation_and_execution) ... ok
test_published_custody_resumes_failed_checks (__main__.LoopFixture.test_published_custody_resumes_failed_checks) ... ok
test_published_custody_resumes_rerun_checks (__main__.LoopFixture.test_published_custody_resumes_rerun_checks) ... ok
test_published_unbound_custody_cannot_override_changed_inputs (__main__.LoopFixture.test_published_unbound_custody_cannot_override_changed_inputs) ... ok
test_report_omits_the_branch_only_after_cleanup_deletes_it (__main__.LoopFixture.test_report_omits_the_branch_only_after_cleanup_deletes_it) ... ok
test_repository_lookup_errors_wait_while_local_loops_run (__main__.LoopFixture.test_repository_lookup_errors_wait_while_local_loops_run) ... ok
test_repository_lookup_failure_waits_while_local_loops_run (__main__.LoopFixture.test_repository_lookup_failure_waits_while_local_loops_run) ... ok
test_retained_scratch_reports_its_reason_and_resume (__main__.LoopFixture.test_retained_scratch_reports_its_reason_and_resume) ... ok
test_squash_delivery_leaves_the_anchor_pull_ready (__main__.LoopFixture.test_squash_delivery_leaves_the_anchor_pull_ready) ... ok
test_successful_local_chain_keeps_custody_and_transfers_metadata (__main__.LoopFixture.test_successful_local_chain_keeps_custody_and_transfers_metadata) ... ok
test_the_capture_ref_keeps_the_package_through_garbage_collection (__main__.LoopFixture.test_the_capture_ref_keeps_the_package_through_garbage_collection) ... ok
test_the_drain_fills_the_task_worktree_git_dir (__main__.LoopFixture.test_the_drain_fills_the_task_worktree_git_dir) ... ok
test_the_frontier_is_the_accepted_source_containing_the_others (__main__.LoopFixture.test_the_frontier_is_the_accepted_source_containing_the_others) ... ok
test_the_report_carries_the_captured_package_decisions_once (__main__.LoopFixture.test_the_report_carries_the_captured_package_decisions_once) ... ok
test_two_local_loops_bring_in_in_either_order (__main__.LoopFixture.test_two_local_loops_bring_in_in_either_order) ... ok
test_unobservable_interrupted_execution_fails_only_that_task (__main__.LoopFixture.test_unobservable_interrupted_execution_fails_only_that_task) ... ok
test_unobservable_post_merge_cleanup_retains_the_workspace_and_drain_continues (__main__.LoopFixture.test_unobservable_post_merge_cleanup_retains_the_workspace_and_drain_continues) ... ok
test_whole_loop_acceptance_waits_for_every_manifest_task (__main__.LoopFixture.test_whole_loop_acceptance_waits_for_every_manifest_task) ... ok

----------------------------------------------------------------------
Ran 71 tests in 387.623s

OK
