TAP version 13
# Subtest: checkbox redraw leaves one menu at 100 columns, wide characters included
ok 1 - checkbox redraw leaves one menu at 100 columns, wide characters included
  ---
  duration_ms: 448.317042
  ...
# Subtest: select redraw leaves one menu at 100 columns
ok 2 - select redraw leaves one menu at 100 columns
  ---
  duration_ms: 156.235458
  ...
# Subtest: checkbox redraw leaves one menu at 50 columns, wide characters included
ok 3 - checkbox redraw leaves one menu at 50 columns, wide characters included
  ---
  duration_ms: 366.703791
  ...
# Subtest: select redraw leaves one menu at 50 columns
ok 4 - select redraw leaves one menu at 50 columns
  ---
  duration_ms: 150.825958
  ...
# Subtest: checkbox redraw leaves one menu at 30 columns, wide characters included
ok 5 - checkbox redraw leaves one menu at 30 columns, wide characters included
  ---
  duration_ms: 368.051375
  ...
# Subtest: select redraw leaves one menu at 30 columns
ok 6 - select redraw leaves one menu at 30 columns
  ---
  duration_ms: 151.818542
  ...
# Subtest: all 21 addons are reachable on a 10-row terminal at 100 columns
ok 7 - all 21 addons are reachable on a 10-row terminal at 100 columns
  ---
  duration_ms: 531.69
  ...
# Subtest: all 21 addons are reachable on a 10-row terminal at 50 columns
ok 8 - all 21 addons are reachable on a 10-row terminal at 50 columns
  ---
  duration_ms: 540.324875
  ...
# Subtest: all 21 addons are reachable on a 10-row terminal at 30 columns
ok 9 - all 21 addons are reachable on a 10-row terminal at 30 columns
  ---
  duration_ms: 540.768208
  ...
# Subtest: preselected choices are checked and out-of-range indices ignored
ok 10 - preselected choices are checked and out-of-range indices ignored
  ---
  duration_ms: 46.29125
  ...
# Subtest: select all toggles back to an empty selection
ok 11 - select all toggles back to an empty selection
  ---
  duration_ms: 88.136875
  ...
# Subtest: select all checks every choice
ok 12 - select all checks every choice
  ---
  duration_ms: 67.381542
  ...
# Subtest: select starts at its initial choice and moves with arrows and vim keys
ok 13 - select starts at its initial choice and moves with arrows and vim keys
  ---
  duration_ms: 149.347
  ...
# Subtest: Ctrl+C in multiSelect cancels the install visibly and resolves nothing
ok 14 - Ctrl+C in multiSelect cancels the install visibly and resolves nothing
  ---
  duration_ms: 44.221375
  ...
# Subtest: Ctrl+C in singleSelect cancels the install visibly and resolves nothing
ok 15 - Ctrl+C in singleSelect cancels the install visibly and resolves nothing
  ---
  duration_ms: 45.420708
  ...
1..15
# tests 15
# suites 0
# pass 15
# fail 0
# cancelled 0
# skipped 0
# todo 0
# duration_ms 3772.687042
