test_agents_command_is_removed_with_replacement (__main__.PackageTests.test_agents_command_is_removed_with_replacement) ... ok
test_agents_imports_follow_markdown_text_and_complete_paths (__main__.PackageTests.test_agents_imports_follow_markdown_text_and_complete_paths) ... ok
test_claude_install_ships_no_templates (__main__.PackageTests.test_claude_install_ships_no_templates) ... ok
test_claude_install_ships_no_unreferenced_commit_conventions (__main__.PackageTests.test_claude_install_ships_no_unreferenced_commit_conventions) ... ok
test_claude_project_settings_merge_and_reinstall (__main__.PackageTests.test_claude_project_settings_merge_and_reinstall) ... ok
test_claude_settings_are_read_before_any_claude_write (__main__.PackageTests.test_claude_settings_are_read_before_any_claude_write) ... ok
test_claude_target_alone_leaves_agents_md_to_its_target (__main__.PackageTests.test_claude_target_alone_leaves_agents_md_to_its_target) ... ok
test_claude_target_holds_no_copy_beside_the_block_it_imports (__main__.PackageTests.test_claude_target_holds_no_copy_beside_the_block_it_imports) ... ok
test_claude_target_keeps_an_agents_md_in_force (__main__.PackageTests.test_claude_target_keeps_an_agents_md_in_force) ... ok
test_claude_target_leaves_user_claude_files_alone (__main__.PackageTests.test_claude_target_leaves_user_claude_files_alone) ... ok
test_crlf_checkout_and_os_metadata_still_match_shipped_copies (__main__.PackageTests.test_crlf_checkout_and_os_metadata_still_match_shipped_copies) ... ok
test_executor_pin_status_select_and_clear (__main__.PackageTests.test_executor_pin_status_select_and_clear) ... ok
test_extra_ignored_and_hidden_shared_files_refuse (__main__.PackageTests.test_extra_ignored_and_hidden_shared_files_refuse) ... ok
test_failed_refresh_keeps_a_0_6_copy (__main__.PackageTests.test_failed_refresh_keeps_a_0_6_copy) ... ok
test_foreign_install_marker_refuses_without_changes (__main__.PackageTests.test_foreign_install_marker_refuses_without_changes) ... ok
test_git_environment_cannot_hide_tracked_skills (__main__.PackageTests.test_git_environment_cannot_hide_tracked_skills) ... ok
test_global_drift_notice_names_roots_it_does_not_install (__main__.PackageTests.test_global_drift_notice_names_roots_it_does_not_install) ... ok
test_global_second_target_and_tracked_dotfiles_refuse (__main__.PackageTests.test_global_second_target_and_tracked_dotfiles_refuse) ... ok
test_history_allows_manifestless_upgrade_after_package_changes (__main__.PackageTests.test_history_allows_manifestless_upgrade_after_package_changes) ... ok
test_incomplete_source_has_no_marker (__main__.PackageTests.test_incomplete_source_has_no_marker) ... ok
test_install_without_git_still_checks_fingerprints (__main__.PackageTests.test_install_without_git_still_checks_fingerprints) ... ok
test_instruction_4_x_blocks_are_replaced_in_place (__main__.PackageTests.test_instruction_4_x_blocks_are_replaced_in_place) ... ok
test_instruction_cli_conflict_guides_merge_and_retry_without_stack (__main__.PackageTests.test_instruction_cli_conflict_guides_merge_and_retry_without_stack) ... ok
test_instruction_conflicts_preserve_original_and_fail_visibly (__main__.PackageTests.test_instruction_conflicts_preserve_original_and_fail_visibly) ... ok
test_instruction_custom_content_survives_legacy_and_edited_managed_blocks (__main__.PackageTests.test_instruction_custom_content_survives_legacy_and_edited_managed_blocks) ... ok
test_instruction_custom_rules_survive_all_targets_and_reinstall (__main__.PackageTests.test_instruction_custom_rules_survive_all_targets_and_reinstall) ... ok
test_instruction_edited_unmarked_templates_preserve_edits_and_install (__main__.PackageTests.test_instruction_edited_unmarked_templates_preserve_edits_and_install) ... ok
test_instruction_file_creation_says_created (__main__.PackageTests.test_instruction_file_creation_says_created) ... ok
test_instruction_future_template_upgrade_preserves_outside_bytes (__main__.PackageTests.test_instruction_future_template_upgrade_preserves_outside_bytes) ... ok
test_instruction_legacy_hash_migration_preserves_prefix_suffix (__main__.PackageTests.test_instruction_legacy_hash_migration_preserves_prefix_suffix) ... ok
test_instruction_legacy_preamble_edits_migrate_with_exact_body (__main__.PackageTests.test_instruction_legacy_preamble_edits_migrate_with_exact_body) ... ok
test_instruction_mixed_legacy_versions_update_without_stale_defaults (__main__.PackageTests.test_instruction_mixed_legacy_versions_update_without_stale_defaults) ... ok
test_instruction_preserves_permissions_despite_umask (__main__.PackageTests.test_instruction_preserves_permissions_despite_umask) ... ok
test_instruction_quoted_and_unknown_legacy_text_is_preserved (__main__.PackageTests.test_instruction_quoted_and_unknown_legacy_text_is_preserved) ... ok
test_instruction_recovery_directory_symlinks_are_preserved (__main__.PackageTests.test_instruction_recovery_directory_symlinks_are_preserved) ... ok
test_instruction_recovery_non_directory_and_unused_path (__main__.PackageTests.test_instruction_recovery_non_directory_and_unused_path) ... ok
test_instruction_source_checkout_templates_are_not_wrapped (__main__.PackageTests.test_instruction_source_checkout_templates_are_not_wrapped) ... ok
test_instruction_source_templates_are_not_wrapped (__main__.PackageTests.test_instruction_source_templates_are_not_wrapped) ... ok
test_instruction_symlink_is_preserved (__main__.PackageTests.test_instruction_symlink_is_preserved) ... ok
test_instruction_write_failure_keeps_original_and_exact_backup (__main__.PackageTests.test_instruction_write_failure_keeps_original_and_exact_backup) ... ok
test_interactive_what_and_where (__main__.PackageTests.test_interactive_what_and_where) ... ok
test_interrupted_upgrade_keeps_optional_skill_without_marker (__main__.PackageTests.test_interrupted_upgrade_keeps_optional_skill_without_marker) ... ok
test_missing_manifest_current_copy_passes_but_old_modified_copy_refuses (__main__.PackageTests.test_missing_manifest_current_copy_passes_but_old_modified_copy_refuses) ... ok
test_modified_core_and_unknown_retired_skills_refuse (__main__.PackageTests.test_modified_core_and_unknown_retired_skills_refuse) ... ok
test_noninteractive_install_never_loads_inquirer (__main__.PackageTests.test_noninteractive_install_never_loads_inquirer) ... ok
test_noninteractive_targets_and_scopes (__main__.PackageTests.test_noninteractive_targets_and_scopes) ... ok
test_opted_in_and_own_standards_skills_survive_updates (__main__.PackageTests.test_opted_in_and_own_standards_skills_survive_updates) ... ok
test_optional_conflict_refuses_before_core_or_instructions_change (__main__.PackageTests.test_optional_conflict_refuses_before_core_or_instructions_change) ... ok
test_pack_install_reinstall_optional_is_byte_identical (__main__.PackageTests.test_pack_install_reinstall_optional_is_byte_identical) ... ok
test_pristine_4_1_upgrade_and_manifest_based_reinstall (__main__.PackageTests.test_pristine_4_1_upgrade_and_manifest_based_reinstall) ... ok
test_project_install_refuses_the_home_folder (__main__.PackageTests.test_project_install_refuses_the_home_folder) ... ok
test_queue_add_captures_literal_rows_under_the_common_gitdir_lock (__main__.PackageTests.test_queue_add_captures_literal_rows_under_the_common_gitdir_lock) ... ok
test_retired_command_is_removed_only_as_shipped (__main__.PackageTests.test_retired_command_is_removed_only_as_shipped) ... ok
test_retired_skill_name_is_removed_only_as_shipped (__main__.PackageTests.test_retired_skill_name_is_removed_only_as_shipped) ... ok
test_role_configuration_filesystem_errors (__main__.PackageTests.test_role_configuration_filesystem_errors) ... ok
test_role_configuration_links_preserve_entries_and_bindings (__main__.PackageTests.test_role_configuration_links_preserve_entries_and_bindings) ... ok
test_role_configuration_missing_error_checks_ancestors (__main__.PackageTests.test_role_configuration_missing_error_checks_ancestors) ... ok
test_second_target_conflict_preserves_every_target_before_upgrade (__main__.PackageTests.test_second_target_conflict_preserves_every_target_before_upgrade) ... ok
test_stale_install_marker_temp_is_preserved (__main__.PackageTests.test_stale_install_marker_temp_is_preserved) ... ok
test_symlink_and_nested_added_file_preserved (__main__.PackageTests.test_symlink_and_nested_added_file_preserved) ... ok
test_tracked_current_copy_reinstalls_and_adds_optional_skill (__main__.PackageTests.test_tracked_current_copy_reinstalls_and_adds_optional_skill) ... ok
test_tracked_modified_or_missing_skill_refuses (__main__.PackageTests.test_tracked_modified_or_missing_skill_refuses) ... ok
test_tracked_pristine_retired_skill_is_removed (__main__.PackageTests.test_tracked_pristine_retired_skill_is_removed) ... ok
test_tracked_pristine_upgrade_with_optional_addon (__main__.PackageTests.test_tracked_pristine_upgrade_with_optional_addon) ... ok
test_tracked_skill_and_root_casing_cannot_bypass_preflight (__main__.PackageTests.test_tracked_skill_and_root_casing_cannot_bypass_preflight) ... ok
test_unknown_pre_4_names_refuse_in_every_selected_root (__main__.PackageTests.test_unknown_pre_4_names_refuse_in_every_selected_root) ... ok
test_unknown_provenance_refusal_names_missing_history (__main__.PackageTests.test_unknown_provenance_refusal_names_missing_history) ... ok
test_upgrade_from_4_1_0_and_main_retires_resolve (__main__.PackageTests.test_upgrade_from_4_1_0_and_main_retires_resolve) ... ok
test_upgrade_leaves_a_linked_optional_skill_alone (__main__.PackageTests.test_upgrade_leaves_a_linked_optional_skill_alone) ... ok
test_upgrade_removes_retired_resolve_design_ui_and_queue (__main__.PackageTests.test_upgrade_removes_retired_resolve_design_ui_and_queue) ... ok
test_yes_keeps_claude_where_this_project_has_it (__main__.PackageTests.test_yes_keeps_claude_where_this_project_has_it) ... ok

----------------------------------------------------------------------
Ran 71 tests in 31.557s

OK
